lilypond --png --output=drills/scores/e42 drills/data/e42.ly