[0] "exercise1 4/4\r\nr1\r\nr4 tt4 r4 4\r\nr1\r\nr1\r\n"
[1] "exercise2 4/4\r\nr2 tt4 r4\r\nr4 tt4 r4 tt4\r\ntt4 r4 tt4 r4\r\nr1\r\n"
