lilypond --png --output=/tmp/scores/foo /tmp/data/foo.ly